../Src/main.c:34:5:main	8	static
../Src/main.c:59:6:task1	8	static
../Src/main.c:64:6:task2	8	static
../Src/main.c:69:6:task3	8	static
../Src/main.c:74:6:task4	8	static
../Src/main.c:80:29:SysTick_Handler	0	static,ignoring_inline_asm
../Src/main.c:115:6:HardFault_Handler	8	static
../Src/main.c:119:6:MemManage_Handler	8	static
../Src/main.c:123:6:BusFault_Handler	8	static
../Src/main.c:127:6:UsageFault_Handler	8	static
../Src/main.c:133:6:init_systick_timer	32	static
../Src/main.c:150:29:init_schedular_stack	0	static,ignoring_inline_asm
../Src/main.c:156:6:init_task_stack	24	static
../Src/main.c:180:6:enable_processor_faults	16	static
../Src/main.c:188:6:save_psp_value	16	static
../Src/main.c:192:10:get_psp_value	4	static
../Src/main.c:196:6:update_next_task	4	static
../Src/main.c:201:29:switch_sp_to_psp	0	static,ignoring_inline_asm
